---
source: crates/tests/src/lib.rs
expression: out
---
combinational_loop (https://doc.veryl-lang.org/book/07_appendix/02_semantic_error.html#combinational_loop)

  × combinational loop detected on "b"
   ╭─[../../testcases/error/combinational_loop.veryl:6:12]
 5 │ ) {
 6 │     assign b = c + a;
   ·            ┬
   ·            ╰── Error location
 7 │     assign c = b + 1;
   ╰────
   ╭─[../../testcases/error/combinational_loop.veryl:7:12]
 6 │     assign b = c + a;
 7 │     assign c = b + 1;
   ·            ┬
   ·            ╰── involved in loop
 8 │ }
   ╰────
  help:
