---
source: crates/tests/src/lib.rs
assertion_line: 425
expression: out
---
combinational_loop (https://doc.veryl-lang.org/book/07_appendix/02_semantic_error.html#combinational_loop)

  × combinational loop detected on "y"
    ╭─[../../testcases/error/combinational_loop_inst.veryl:14:10]
 13 │     var y: logic<8>;
 14 │     inst u: combinational_loop_inst_buf (
    ·          ┬
    ·          ╰── Error location
 15 │         i: x,
    ╰────
    ╭─[../../testcases/error/combinational_loop_inst.veryl:18:12]
 17 │     );
 18 │     assign x = y;
    ·            ┬
    ·            ╰── involved in loop
 19 │     assign b = y;
    ╰────
  help:
