---
source: crates/tests/src/lib.rs
assertion_line: 425
expression: out
---
mismatch_impl_generic_parameters (https://doc.veryl-lang.org/book/07_appendix/02_semantic_error.html#mismatch_impl_generic_parameters)

  × generic parameters of impl "StructA" don't match the definition of "StructA"
   ╭─[../../testcases/error/impl_mismatch_generic_parameters.veryl:6:10]
 5 │ 
 6 │     impl StructA::<X: p32> {
   ·          ───┬───
   ·             ╰── Error location
 7 │         function f (
   ╰────
  help: align the generic parameters with the type definition
