---
source: crates/tests/src/lib.rs
assertion_line: 425
expression: out
---
invalid_impl_argument (https://doc.veryl-lang.org/book/07_appendix/02_semantic_error.html#invalid_impl_argument)

  × "W" can't be used as an impl argument
   ╭─[../../testcases/error/invalid_impl_argument.veryl:6:20]
 5 │ 
 6 │     impl StructA::<W> {
   ·                    ┬
   ·                    ╰── Error location
 7 │         function f (
   ╰────
  help: use a literal value to specialize, or omit the arguments
