---
source: crates/tests/src/lib.rs
expression: out
---
invalid_mixin (https://doc.veryl-lang.org/book/07_appendix/02_semantic_error.html#invalid_mixin)

  × invalid_mixin_duplicated_member_b can't be mixed-in because mp is already defined
   ╭─[../../testcases/error/invalid_mixin_duplicated_member.veryl:7:11]
 6 │ }
 7 │ interface invalid_mixin_duplicated_member_b {
   ·           ────────────────┬────────────────
   ·                           ╰── Error location
 8 │     var b: logic;
   ╰────
  help:
