---
source: crates/tests/src/lib.rs
expression: out
---
invalid_mixin (https://doc.veryl-lang.org/book/07_appendix/02_semantic_error.html#invalid_mixin)

  × invalid_mixin_parameterized_source can't be mixed-in because it is parameterized
   ╭─[../../testcases/error/invalid_mixin_parameterized.veryl:1:11]
 1 │ interface invalid_mixin_parameterized_source #(
   ·           ─────────────────┬────────────────
   ·                            ╰── Error location
 2 │     param A: u32 = 1,
   ╰────
  help:
