---
source: crates/tests/src/lib.rs
expression: out
---
invalid_msb (https://doc.veryl-lang.org/book/07_appendix/02_semantic_error.html#invalid_msb)

  × msb can't be placed at here
   ╭─[../../testcases/error/invalid_msb.veryl:2:21]
 1 │ module invalid_msb {
 2 │     let _a: logic = msb;
   ·                     ─┬─
   ·                      ╰── Error location
 3 │ }
   ╰────
  help: remove msb
