---
source: crates/tests/src/lib.rs
expression: out
---
invisible_identifier (https://doc.veryl-lang.org/book/07_appendix/02_semantic_error.html#invisible_identifier)

  × cannot refer indentifier "A" because it is invisible at here
   ╭─[../../testcases/error/invisible_identifier.veryl:6:19]
 5 │ module invisible_identifier {
 6 │     let _a: u32 = invisible_identifier2::A;
   ·                   ────────────┬───────────
   ·                               ╰── Error location
 7 │ }
   ╰────
  help:
