---
source: crates/tests/src/lib.rs
expression: out
---
mismatch_type (https://doc.veryl-lang.org/book/07_appendix/02_semantic_error.html#mismatch_type)

  × "i_a" is expected to "enum, union, struct or typedef", but it is "input port"
   ╭─[../../testcases/error/mismatch_type_variable.veryl:4:12]
 3 │ ) {
 4 │     var b: i_a;
   ·            ─┬─
   ·             ╰── Error location
 5 │     assign b = 0;
   ╰────
  help:
