---
source: crates/tests/src/lib.rs
expression: out
---
mismatch_function_arg (https://doc.veryl-lang.org/book/07_appendix/02_semantic_error.html#mismatch_function_arg)

  ⚠ "type" type can't be used as an argument of function "$clog2"
   ╭─[../../testcases/error/mismatch_function_arg.veryl:2:26]
 1 │ module mismatch_function_arg {
 2 │     let _a: u32 = $clog2(logic);
   ·                          ──┬──
   ·                            ╰── Error location
 3 │ }
   ╰────
  help:
