---
source: crates/tests/src/lib.rs
expression: out
---
mismatch_type (https://doc.veryl-lang.org/book/07_appendix/02_semantic_error.html#mismatch_type)

  × "a" is expected to "module or interface", but it is "parameter"
   ╭─[../../testcases/error/mismatch_type.veryl:3:10]
 2 │     const a: u32 = 1;
 3 │     inst u: a;
   ·          ┬
   ·          ╰── Error location
 4 │ }
   ╰────
  help:
