---
source: crates/tests/src/lib.rs
expression: out
---
mismatch_type (https://doc.veryl-lang.org/book/07_appendix/02_semantic_error.html#mismatch_type)

  × "b" is expected to "enum, union, struct, typedef or integer constant", but it is "variable"
   ╭─[../../testcases/error/mismatch_type_cast_variable.veryl:6:31]
 5 │ 
 6 │     let _c: logic<2> = i_a as b;
   ·                               ┬
   ·                               ╰── Error location
 7 │ 
   ╰────
  help:
