---
source: crates/tests/src/lib.rs
expression: out
---
mismatch_assignment (https://doc.veryl-lang.org/book/07_appendix/02_semantic_error.html#mismatch_assignment)

  ⚠ "logic<1>" can't be assigned to "bit<1>"
   ╭─[../../testcases/error/mismatch_assignment.veryl:3:21]
 2 │     let a : logic = 1;
 3 │     let _b: bit   = a;
   ·                     ┬
   ·                     ╰── Error location
 4 │ }
   ╰────
  help:
