---
source: crates/tests/src/lib.rs
expression: out
---
missing_port (https://doc.veryl-lang.org/book/07_appendix/02_semantic_error.html#missing_port)

  ⚠ module "missing_port2" has "a", but it is not connected
   ╭─[../../testcases/error/missing_port.veryl:2:10]
 1 │ module missing_port {
 2 │     inst u: missing_port2;
   ·          ┬
   ·          ╰── Error location
 3 │ }
   ╰────
  help: add "a" port
