---
source: crates/tests/src/lib.rs
expression: out
---
missing_clock_domain (https://doc.veryl-lang.org/book/07_appendix/02_semantic_error.html#missing_clock_domain)

  × clock domain annotation is required when there are multiple clocks
   ╭─[../../testcases/error/missing_clock_domain.veryl:3:9]
 2 │     let _a: clock = 1;
 3 │     let _b: clock = 1;
   ·         ─┬
   ·          ╰── Error location
 4 │ }
   ╰────
  help: add clock domain annotation
