---
source: crates/tests/src/lib.rs
expression: out
---
multiple_default (https://doc.veryl-lang.org/book/07_appendix/02_semantic_error.html#multiple_default)

  × "_b" can't be used as the default clock because the default clock has already been specified.
   ╭─[../../testcases/error/multiple_default.veryl:3:9]
 2 │     let _a: 'a default clock = 0;
 3 │     let _b: 'b default clock = 0;
   ·         ─┬
   ·          ╰── Error location
 4 │ }
   ╰────
  help:
