---
source: crates/tests/src/lib.rs
expression: out
---
invalid_select (https://doc.veryl-lang.org/book/07_appendix/02_semantic_error.html#invalid_select)

  ⚠ invalid select caused by non-constant `+:`/`-:`/`step` part-select width
   ╭─[../../testcases/error/non_constant_part_select_width.veryl:6:23]
 5 │ ) {
 6 │     assign o = i_a[0+:i_n];
   ·                       ─┬─
   ·                        ╰── Error location
 7 │ }
   ╰────
  help:
