---
source: crates/tests/src/lib.rs
expression: out
---
unsupported_description

  × unsupported description
   ╭─[../../testcases/error/recursive_function.veryl:8:16]
 7 │     ) -> logic<32> {
 8 │         return recurse(x);
   ·                ───┬───
   ·                   ╰── this description is not supported by the simulator
 9 │     }
   ╰────
