---
source: crates/tests/src/lib.rs
expression: out
---
too_large_enum_variant (https://doc.veryl-lang.org/book/07_appendix/02_semantic_error.html#too_large_enum_variant)

  × The value of enum variant "X" is 10, it is can't be represented by 1 bits
   ╭─[../../testcases/error/too_large_enum_variant.veryl:3:9]
 2 │     enum EnumA: logic<1> {
 3 │         X = 10,
   ·         ┬
   ·         ╰── Error location
 4 │     }
   ╰────
  help:
