---
source: crates/tests/src/lib.rs
expression: out
---
side_effect_function_call_in_always_ff (https://doc.veryl-lang.org/book/07_appendix/02_semantic_error.html#side_effect_function_call_in_always_ff)

  × function "update" can't be called in always_ff because it may write an HDL object declared outside the function
    ╭─[../../testcases/error/transitive_side_effect_function_call_in_always_ff.veryl:14:9]
 13 │     always_ff (clk) {
 14 │         update();
    ·         ────┬────
    ·             ╰── called from always_ff
 15 │     }
    ╰────
   ╭─[../../testcases/error/transitive_side_effect_function_call_in_always_ff.veryl:6:9]
 5 │     function write_q () {
 6 │         q = 1;
   ·         ┬
   ·         ╰── external write occurs here
 7 │     }
   ╰────
  help: move the external write into this always_ff, or use an output argument connected to a variable declared inside it
