---
source: crates/tests/src/lib.rs
expression: out
---
unassign_variable (https://doc.veryl-lang.org/book/07_appendix/02_semantic_error.html#unassign_variable)

  ⚠ "_a" is unassigned
   ╭─[../../testcases/error/unassign_variable.veryl:2:9]
 1 │ module unassign_variable {
 2 │     var _a: logic;
   ·         ─┬
   ·          ╰── Error location
 3 │ }
   ╰────
  help:
