---
source: crates/tests/src/lib.rs
assertion_line: 366
expression: out
---
unassign_variable (https://doc.veryl-lang.org/book/07_appendix/02_semantic_error.html#unassign_variable)

  ⚠ "a" is unassigned
    ╭─[../../testcases/error/unassign_variable_struct.veryl:9:9]
  8 │ 
  9 │     var a: StructA;
    ·         ┬
    ·         ╰── Error location
 10 │ 
    ╰────
  help:
