---
source: crates/tests/src/lib.rs
expression: out
---
uncovered_branch (https://doc.veryl-lang.org/book/07_appendix/02_semantic_error.html#uncovered_branch)

  ⚠ "b" is not covered by all branches, it causes latch generation
   ╭─[../../testcases/error/uncovered_branch.veryl:7:13]
 6 │         if a {
 7 │             b = 1;
   ·             ┬
   ·             ╰── Covered
 8 │         }
   ╰────
  help:
