---
source: crates/tests/src/lib.rs
assertion_line: 421
expression: out
---
unknown_tb_port (https://doc.veryl-lang.org/book/07_appendix/02_semantic_error.html#unknown_tb_port)

  × $tb component "$tb::clock_gen" has no "foo" port
   ╭─[../../testcases/error/unknown_tb_port.veryl:4:9]
 3 │     inst clk: $tb::clock_gen (
 4 │         foo: 0,
   ·         ─┬─
   ·          ╰── Error location
 5 │     );
   ╰────
  help: remove "foo" connection
