---
source: crates/tests/src/lib.rs
expression: out
---
unused_variable (https://doc.veryl-lang.org/book/07_appendix/02_semantic_error.html#unused_variable)

  ⚠ "a" is unused
   ╭─[../../testcases/error/unused_variable.veryl:2:9]
 1 │ module unused_variable {
 2 │     let a: logic = 1;
   ·         ┬
   ·         ╰── Error location
 3 │ }
   ╰────
  help: add prefix `_` to unused variable name
